
> print2paper4vscode@0.0.1 test
> node --test out/tests/**/*.test.js

TAP version 13
# Subtest: Template Dictionary Replacement
    # Subtest: should replace all placeholders with dictionary values
    ok 1 - should replace all placeholders with dictionary values
      ---
      duration_ms: 0.618544
      type: 'test'
      ...
    # Subtest: should handle empty dictionary
    ok 2 - should handle empty dictionary
      ---
      duration_ms: 1.042839
      type: 'test'
      ...
    # Subtest: should handle missing keys in dictionary
    ok 3 - should handle missing keys in dictionary
      ---
      duration_ms: 0.128731
      type: 'test'
      ...
    # Subtest: should handle no placeholders in source
    ok 4 - should handle no placeholders in source
      ---
      duration_ms: 0.082637
      type: 'test'
      ...
    # Subtest: should handle special characters in values
    ok 5 - should handle special characters in values
      ---
      duration_ms: 0.09133
      type: 'test'
      ...
    # Subtest: should handle multiple occurrences of the same placeholder
    ok 6 - should handle multiple occurrences of the same placeholder
      ---
      duration_ms: 0.089479
      type: 'test'
      ...
    # Subtest: should handle complex nested placeholders
    ok 7 - should handle complex nested placeholders
      ---
      duration_ms: 0.069727
      type: 'test'
      ...
    # Subtest: should handle whitespace in placeholder names
    ok 8 - should handle whitespace in placeholder names
      ---
      duration_ms: 0.122454
      type: 'test'
      ...
    1..8
ok 1 - Template Dictionary Replacement
  ---
  duration_ms: 3.067468
  type: 'suite'
  ...
# Subtest: System Integration Tests
    # Subtest: should initialize all components correctly
    ok 1 - should initialize all components correctly
      ---
      duration_ms: 0.546468
      type: 'test'
      ...
    # Subtest: should handle theme composition workflow
    ok 2 - should handle theme composition workflow
      ---
      duration_ms: 0.478559
      type: 'test'
      ...
    # Subtest: should handle UIMenu system integration
    ok 3 - should handle UIMenu system integration
      ---
      duration_ms: 0.123684
      type: 'test'
      ...
    # Subtest: should handle error conditions properly
    ok 4 - should handle error conditions properly
      ---
      duration_ms: 51.997901
      type: 'test'
      ...
    # Subtest: should validate template system integration
    ok 5 - should validate template system integration
      ---
      duration_ms: 0.257998
      type: 'test'
      ...
    # Subtest: should validate Shiki v3 integration
    ok 6 - should validate Shiki v3 integration
      ---
      duration_ms: 0.237356
      type: 'test'
      ...
    1..6
ok 2 - System Integration Tests
  ---
  duration_ms: 54.444789
  type: 'suite'
  ...
# Subtest: PaperPrinter Variable Naming Standardization
    # Subtest: should use UIMenu system for theme picker list
    ok 1 - should use UIMenu system for theme picker list
      ---
      duration_ms: 1.512482
      type: 'test'
      ...
    # Subtest: should use UIMenu system for text picker list
    ok 2 - should use UIMenu system for text picker list
      ---
      duration_ms: 0.10216
      type: 'test'
      ...
    # Subtest: should use UIMenu system with proper method naming
    ok 3 - should use UIMenu system with proper method naming
      ---
      duration_ms: 0.167611
      type: 'test'
      ...
    # Subtest: should use UIMenu system for history picker list
    ok 4 - should use UIMenu system for history picker list
      ---
      duration_ms: 0.075733
      type: 'test'
      ...
    # Subtest: should not contain old variable naming conventions
    ok 5 - should not contain old variable naming conventions
      ---
      duration_ms: 0.098024
      type: 'test'
      ...
    # Subtest: should use correct method calls for theme composition
    ok 6 - should use correct method calls for theme composition
      ---
      duration_ms: 0.070408
      type: 'test'
      ...
    # Subtest: should use UIMenu template variable mappings
    ok 7 - should use UIMenu template variable mappings
      ---
      duration_ms: 0.065089
      type: 'test'
      ...
    1..7
ok 3 - PaperPrinter Variable Naming Standardization
  ---
  duration_ms: 2.841601
  type: 'suite'
  ...
# Subtest: Stylize Error Handling
    # Subtest: should fail properly when VSCode theme object is used
    ok 1 - should fail properly when VSCode theme object is used
      ---
      duration_ms: 50.993978
      type: 'test'
      ...
    # Subtest: should fail properly when theme not found in picker list
    ok 2 - should fail properly when theme not found in picker list
      ---
      duration_ms: 0.178434
      type: 'test'
      ...
    1..2
ok 4 - Stylize Error Handling
  ---
  duration_ms: 51.815618
  type: 'suite'
  ...
# Subtest: Stylize
    # Subtest: should initialize with available Shiki themes
    ok 1 - should initialize with available Shiki themes
      ---
      duration_ms: 0.61161
      type: 'test'
      ...
    # Subtest: should filter themes by regex pattern
    ok 2 - should filter themes by regex pattern
      ---
      duration_ms: 0.355281
      type: 'test'
      ...
    # Subtest: should handle empty filter (return all themes)
    ok 3 - should handle empty filter (return all themes)
      ---
      duration_ms: 0.158523
      type: 'test'
      ...
    # Subtest: should handle undefined filter (return all themes)
    ok 4 - should handle undefined filter (return all themes)
      ---
      duration_ms: 0.118338
      type: 'test'
      ...
    # Subtest: should return themes with correct structure
    ok 5 - should return themes with correct structure
      ---
      duration_ms: 0.175925
      type: 'test'
      ...
    1..5
ok 5 - Stylize
  ---
  duration_ms: 2.120907
  type: 'suite'
  ...
# Subtest: UI Naming Standardization
    # Subtest: should have standardized menu group IDs
    ok 1 - should have standardized menu group IDs
      ---
      duration_ms: 1.605879
      type: 'test'
      ...
    # Subtest: should have standardized button IDs
    ok 2 - should have standardized button IDs
      ---
      duration_ms: 0.10505
      type: 'test'
      ...
    # Subtest: should have standardized picker IDs
    ok 3 - should have standardized picker IDs
      ---
      duration_ms: 0.16302
      type: 'test'
      ...
    # Subtest: should have standardized template variables
    ok 4 - should have standardized template variables
      ---
      duration_ms: 0.075141
      type: 'test'
      ...
    # Subtest: should have standardized JavaScript variable references
    ok 5 - should have standardized JavaScript variable references
      ---
      duration_ms: 0.071764
      type: 'test'
      ...
    # Subtest: should not contain old naming conventions
    ok 6 - should not contain old naming conventions
      ---
      duration_ms: 0.140151
      type: 'test'
      ...
    # Subtest: should have consistent data attributes
    ok 7 - should have consistent data attributes
      ---
      duration_ms: 0.079938
      type: 'test'
      ...
    1..7
ok 6 - UI Naming Standardization
  ---
  duration_ms: 2.954615
  type: 'suite'
  ...
1..6
# tests 35
# suites 6
# pass 35
# fail 0
# cancelled 0
# skipped 0
# todo 0
# duration_ms 181.044902
